================================================================
  SPRT: aggressive vs balanced
  H0: ELO diff <= 0     H1: ELO diff >= 10
  α=0.05  β=0.05   TC: 5+0.05   max games: 600
  PGN:   /Users/mateichiriac/Documents/chess-engine/logs/sprt-aggressive-vs-balanced-20260610-112703.pgn
================================================================
Indexing opening suite...
Started game 1 of 600 (aggressive vs balanced)
Started game 5 of 600 (aggressive vs balanced)
Started game 9 of 600 (aggressive vs balanced)
Started game 3 of 600 (aggressive vs balanced)
Started game 4 of 600 (balanced vs aggressive)
Started game 7 of 600 (aggressive vs balanced)
Started game 2 of 600 (balanced vs aggressive)
Started game 6 of 600 (balanced vs aggressive)
Started game 8 of 600 (balanced vs aggressive)
Finished game 7 (aggressive vs balanced): 1-0 {White wins by adjudication}
Started game 10 of 600 (balanced vs aggressive)
Finished game 8 (balanced vs aggressive): 1-0 {White wins by adjudication}
Started game 11 of 600 (aggressive vs balanced)
Finished game 5 (aggressive vs balanced): 1/2-1/2 {Draw by adjudication}
Started game 12 of 600 (balanced vs aggressive)
Finished game 1 (aggressive vs balanced): 1/2-1/2 {Draw by adjudication}
Started game 13 of 600 (aggressive vs balanced)
Finished game 2 (balanced vs aggressive): 1/2-1/2 {Draw by adjudication}
Started game 14 of 600 (balanced vs aggressive)
Finished game 9 (aggressive vs balanced): 1-0 {White wins by adjudication}
Started game 15 of 600 (aggressive vs balanced)
Finished game 6 (balanced vs aggressive): 0-1 {Black wins by adjudication}
Started game 16 of 600 (balanced vs aggressive)
Finished game 4 (balanced vs aggressive): 1/2-1/2 {Draw by 3-fold repetition}
Started game 17 of 600 (aggressive vs balanced)
Finished game 3 (aggressive vs balanced): 1/2-1/2 {Draw by 3-fold repetition}
Started game 18 of 600 (balanced vs aggressive)
Finished game 12 (balanced vs aggressive): 1/2-1/2 {Draw by 3-fold repetition}
Started game 19 of 600 (aggressive vs balanced)
Finished game 10 (balanced vs aggressive): 1/2-1/2 {Draw by 3-fold repetition}
Started game 20 of 600 (balanced vs aggressive)
Finished game 13 (aggressive vs balanced): 1-0 {White wins by adjudication}
Started game 21 of 600 (aggressive vs balanced)
Finished game 15 (aggressive vs balanced): 1-0 {White wins by adjudication}
Started game 22 of 600 (balanced vs aggressive)
Finished game 11 (aggressive vs balanced): 1/2-1/2 {Draw by adjudication}
Started game 23 of 600 (aggressive vs balanced)
Finished game 17 (aggressive vs balanced): 1/2-1/2 {Draw by 3-fold repetition}
Started game 24 of 600 (balanced vs aggressive)
Finished game 18 (balanced vs aggressive): 1/2-1/2 {Draw by 3-fold repetition}
Started game 25 of 600 (aggressive vs balanced)
Finished game 14 (balanced vs aggressive): 1/2-1/2 {Draw by insufficient mating material}
Started game 26 of 600 (balanced vs aggressive)
Finished game 20 (balanced vs aggressive): 1/2-1/2 {Draw by 3-fold repetition}
Started game 27 of 600 (aggressive vs balanced)
Finished game 16 (balanced vs aggressive): 1/2-1/2 {Draw by adjudication}
Started game 28 of 600 (balanced vs aggressive)
Finished game 23 (aggressive vs balanced): 0-1 {Black wins by adjudication}
Started game 29 of 600 (aggressive vs balanced)
Finished game 24 (balanced vs aggressive): 1/2-1/2 {Draw by 3-fold repetition}
Started game 30 of 600 (balanced vs aggressive)
Finished game 22 (balanced vs aggressive): 1/2-1/2 {Draw by fifty moves rule}
Started game 31 of 600 (aggressive vs balanced)
Finished game 19 (aggressive vs balanced): 1-0 {Black loses on time (1ms overrun)}
--------------------------------------------------
Results of aggressive vs balanced (5+0.05, 1t, 16MB, openings.epd):
Elo: 63.88 +/- 69.24, nElo: 138.97 +/- 145.18
LOS: 96.97 %, DrawRatio: 45.45 %, PairsRatio: 5.00
Games: 22, Wins: 6, Losses: 2, Draws: 14, Points: 13.0 (59.09 %)
Ptnml(0-2): [0, 1, 5, 5, 0], WL/DD Ratio: 0.25
LLR: 0.18 (6.2%) (-2.94, 2.94) [0.00, 10.00]
--------------------------------------------------
Started game 32 of 600 (balanced vs aggressive)
Finished game 25 (aggressive vs balanced): 0-1 {Black wins by adjudication}
Started game 33 of 600 (aggressive vs balanced)
Finished game 26 (balanced vs aggressive): 1-0 {White wins by adjudication}
Started game 34 of 600 (balanced vs aggressive)
Finished game 21 (aggressive vs balanced): 0-1 {White loses on time (1ms overrun)}
Started game 35 of 600 (aggressive vs balanced)
Finished game 27 (aggressive vs balanced): 0-1 {Black wins by adjudication}
Started game 36 of 600 (balanced vs aggressive)
Finished game 28 (balanced vs aggressive): 1/2-1/2 {Draw by 3-fold repetition}
Started game 37 of 600 (aggressive vs balanced)
Finished game 30 (balanced vs aggressive): 1-0 {White wins by adjudication}
Started game 38 of 600 (balanced vs aggressive)
Finished game 31 (aggressive vs balanced): 0-1 {Black wins by adjudication}
Started game 39 of 600 (aggressive vs balanced)
Finished game 34 (balanced vs aggressive): 0-1 {Black wins by adjudication}
Started game 40 of 600 (balanced vs aggressive)
Finished game 29 (aggressive vs balanced): 0-1 {Black wins by adjudication}
Started game 41 of 600 (aggressive vs balanced)
Finished game 35 (aggressive vs balanced): 1-0 {White wins by adjudication}
Started game 42 of 600 (balanced vs aggressive)
Finished game 38 (balanced vs aggressive): 1-0 {White wins by adjudication}
Started game 43 of 600 (aggressive vs balanced)
Finished game 33 (aggressive vs balanced): 1/2-1/2 {Draw by stalemate}
Started game 44 of 600 (balanced vs aggressive)
Finished game 36 (balanced vs aggressive): 1-0 {White wins by adjudication}
Started game 45 of 600 (aggressive vs balanced)
Finished game 37 (aggressive vs balanced): 1-0 {White wins by adjudication}
Started game 46 of 600 (balanced vs aggressive)
Finished game 32 (balanced vs aggressive): 0-1 {White loses on time (1ms overrun)}
Started game 47 of 600 (aggressive vs balanced)
Finished game 39 (aggressive vs balanced): 1-0 {White wins by adjudication}
Started game 48 of 600 (balanced vs aggressive)
Finished game 41 (aggressive vs balanced): 1/2-1/2 {Draw by 3-fold repetition}
Started game 49 of 600 (aggressive vs balanced)
Finished game 42 (balanced vs aggressive): 1/2-1/2 {Draw by 3-fold repetition}
Started game 50 of 600 (balanced vs aggressive)
Finished game 40 (balanced vs aggressive): 1-0 {White wins by adjudication}
--------------------------------------------------
Results of aggressive vs balanced (5+0.05, 1t, 16MB, openings.epd):
Elo: -8.27 +/- 67.64, nElo: -13.02 +/- 105.07
LOS: 40.41 %, DrawRatio: 47.62 %, PairsRatio: 1.20
Games: 42, Wins: 11, Losses: 12, Draws: 19, Points: 20.5 (48.81 %)
Ptnml(0-2): [2, 3, 10, 6, 0], WL/DD Ratio: 1.00
LLR: -0.06 (-2.1%) (-2.94, 2.94) [0.00, 10.00]
--------------------------------------------------
Started game 51 of 600 (aggressive vs balanced)
Finished game 46 (balanced vs aggressive): 1/2-1/2 {Draw by 3-fold repetition}
Started game 52 of 600 (balanced vs aggressive)
Finished game 44 (balanced vs aggressive): 1-0 {White wins by adjudication}
Started game 53 of 600 (aggressive vs balanced)
Finished game 45 (aggressive vs balanced): 0-1 {Black wins by adjudication}
Started game 54 of 600 (balanced vs aggressive)
Finished game 49 (aggressive vs balanced): 0-1 {Black wins by adjudication}
Started game 55 of 600 (aggressive vs balanced)
Finished game 47 (aggressive vs balanced): 0-1 {Black wins by adjudication}
Started game 56 of 600 (balanced vs aggressive)
Finished game 52 (balanced vs aggressive): 1-0 {White wins by adjudication}
Started game 57 of 600 (aggressive vs balanced)
Finished game 43 (aggressive vs balanced): 0-1 {White loses on time (1ms overrun)}
Started game 58 of 600 (balanced vs aggressive)
Finished game 51 (aggressive vs balanced): 0-1 {Black wins by adjudication}
Started game 59 of 600 (aggressive vs balanced)
Finished game 54 (balanced vs aggressive): 0-1 {Black wins by adjudication}
Started game 60 of 600 (balanced vs aggressive)
Finished game 48 (balanced vs aggressive): 1/2-1/2 {Draw by 3-fold repetition}
Started game 61 of 600 (aggressive vs balanced)
Finished game 53 (aggressive vs balanced): 0-1 {Black wins by adjudication}
Started game 62 of 600 (balanced vs aggressive)
Finished game 50 (balanced vs aggressive): 1/2-1/2 {Draw by fifty moves rule}
Started game 63 of 600 (aggressive vs balanced)
Finished game 55 (aggressive vs balanced): 1/2-1/2 {Draw by 3-fold repetition}
Started game 64 of 600 (balanced vs aggressive)
Finished game 57 (aggressive vs balanced): 1/2-1/2 {Draw by insufficient mating material}
Started game 65 of 600 (aggressive vs balanced)
Finished game 60 (balanced vs aggressive): 1-0 {White wins by adjudication}
Started game 66 of 600 (balanced vs aggressive)
Finished game 61 (aggressive vs balanced): 1/2-1/2 {Draw by 3-fold repetition}
Started game 67 of 600 (aggressive vs balanced)
Finished game 58 (balanced vs aggressive): 1/2-1/2 {Draw by 3-fold repetition}
Started game 68 of 600 (balanced vs aggressive)
Finished game 59 (aggressive vs balanced): 1-0 {White wins by adjudication}
--------------------------------------------------
Results of aggressive vs balanced (5+0.05, 1t, 16MB, openings.epd):
Elo: -48.23 +/- 61.45, nElo: -71.86 +/- 89.41
LOS: 5.76 %, DrawRatio: 44.83 %, PairsRatio: 0.60
Games: 58, Wins: 13, Losses: 21, Draws: 24, Points: 25.0 (43.10 %)
Ptnml(0-2): [4, 6, 13, 6, 0], WL/DD Ratio: 1.17
LLR: -0.39 (-13.2%) (-2.94, 2.94) [0.00, 10.00]
--------------------------------------------------
Started game 69 of 600 (aggressive vs balanced)
Finished game 64 (balanced vs aggressive): 1/2-1/2 {Draw by 3-fold repetition}
Started game 70 of 600 (balanced vs aggressive)
Finished game 56 (balanced vs aggressive): 0-1 {White loses on time (1ms overrun)}
Started game 71 of 600 (aggressive vs balanced)
Finished game 62 (balanced vs aggressive): 1/2-1/2 {Draw by 3-fold repetition}
Started game 72 of 600 (balanced vs aggressive)
Finished game 65 (aggressive vs balanced): 1/2-1/2 {Draw by 3-fold repetition}
Started game 73 of 600 (aggressive vs balanced)
Finished game 63 (aggressive vs balanced): 1/2-1/2 {Draw by fifty moves rule}
Started game 74 of 600 (balanced vs aggressive)
Finished game 66 (balanced vs aggressive): 1-0 {White wins by adjudication}
Started game 75 of 600 (aggressive vs balanced)
Finished game 69 (aggressive vs balanced): 1-0 {White wins by adjudication}
Started game 76 of 600 (balanced vs aggressive)
Finished game 70 (balanced vs aggressive): 0-1 {Black wins by adjudication}
Started game 77 of 600 (aggressive vs balanced)
Finished game 72 (balanced vs aggressive): 1-0 {White wins by adjudication}
Started game 78 of 600 (balanced vs aggressive)
Finished game 71 (aggressive vs balanced): 0-1 {Black wins by adjudication}
Started game 79 of 600 (aggressive vs balanced)
Finished game 73 (aggressive vs balanced): 1-0 {White wins by adjudication}
Started game 80 of 600 (balanced vs aggressive)
Finished game 67 (aggressive vs balanced): 1/2-1/2 {Draw by fifty moves rule}
Started game 81 of 600 (aggressive vs balanced)
Finished game 76 (balanced vs aggressive): 1/2-1/2 {Draw by 3-fold repetition}
Started game 82 of 600 (balanced vs aggressive)
Finished game 68 (balanced vs aggressive): 1-0 {Black loses on time (1ms overrun)}
Started game 83 of 600 (aggressive vs balanced)
Finished game 79 (aggressive vs balanced): 0-1 {Black wins by adjudication}
Started game 84 of 600 (balanced vs aggressive)
Finished game 75 (aggressive vs balanced): 0-1 {Black wins by adjudication}
Started game 85 of 600 (aggressive vs balanced)
Finished game 77 (aggressive vs balanced): 0-1 {Black wins by adjudication}
Started game 86 of 600 (balanced vs aggressive)
Finished game 74 (balanced vs aggressive): 1/2-1/2 {Draw by 3-fold repetition}
Started game 87 of 600 (aggressive vs balanced)
Finished game 81 (aggressive vs balanced): 1-0 {White wins by adjudication}
Started game 88 of 600 (balanced vs aggressive)
Finished game 80 (balanced vs aggressive): 1-0 {White wins by adjudication}
--------------------------------------------------
Results of aggressive vs balanced (5+0.05, 1t, 16MB, openings.epd):
Elo: -49.33 +/- 58.23, nElo: -66.85 +/- 77.10
LOS: 4.46 %, DrawRatio: 38.46 %, PairsRatio: 0.60
Games: 78, Wins: 17, Losses: 28, Draws: 33, Points: 33.5 (42.95 %)
Ptnml(0-2): [6, 9, 15, 8, 1], WL/DD Ratio: 0.88
LLR: -0.46 (-15.7%) (-2.94, 2.94) [0.00, 10.00]
--------------------------------------------------
Started game 89 of 600 (aggressive vs balanced)
Finished game 78 (balanced vs aggressive): 0-1 {White loses on time (1ms overrun)}
Started game 90 of 600 (balanced vs aggressive)
Finished game 86 (balanced vs aggressive): 1/2-1/2 {Draw by adjudication}
Started game 91 of 600 (aggressive vs balanced)
Finished game 85 (aggressive vs balanced): 0-1 {Black wins by adjudication}
Started game 92 of 600 (balanced vs aggressive)
Finished game 84 (balanced vs aggressive): 1-0 {White wins by adjudication}
Started game 93 of 600 (aggressive vs balanced)
Finished game 82 (balanced vs aggressive): 1/2-1/2 {Draw by insufficient mating material}
Started game 94 of 600 (balanced vs aggressive)
Finished game 89 (aggressive vs balanced): 1/2-1/2 {Draw by 3-fold repetition}
Started game 95 of 600 (aggressive vs balanced)
Finished game 88 (balanced vs aggressive): 0-1 {Black wins by adjudication}
Started game 96 of 600 (balanced vs aggressive)
Finished game 83 (aggressive vs balanced): 0-1 {White loses on time (1ms overrun)}
Started game 97 of 600 (aggressive vs balanced)
Finished game 87 (aggressive vs balanced): 1/2-1/2 {Draw by adjudication}
Started game 98 of 600 (balanced vs aggressive)
Finished game 90 (balanced vs aggressive): 1-0 {White wins by adjudication}
Started game 99 of 600 (aggressive vs balanced)
Finished game 92 (balanced vs aggressive): 1-0 {White wins by adjudication}
Started game 100 of 600 (balanced vs aggressive)
Finished game 94 (balanced vs aggressive): 1/2-1/2 {Draw by 3-fold repetition}
Started game 101 of 600 (aggressive vs balanced)
Finished game 96 (balanced vs aggressive): 1-0 {White wins by adjudication}
Started game 102 of 600 (balanced vs aggressive)
Finished game 91 (aggressive vs balanced): 0-1 {Black wins by adjudication}
Started game 103 of 600 (aggressive vs balanced)
Finished game 95 (aggressive vs balanced): 0-1 {Black wins by adjudication}
Started game 104 of 600 (balanced vs aggressive)
Finished game 99 (aggressive vs balanced): 1/2-1/2 {Draw by 3-fold repetition}
Started game 105 of 600 (aggressive vs balanced)
Finished game 93 (aggressive vs balanced): 1/2-1/2 {Draw by fifty moves rule}
Started game 106 of 600 (balanced vs aggressive)
Finished game 102 (balanced vs aggressive): 1/2-1/2 {Draw by 3-fold repetition}
Started game 107 of 600 (aggressive vs balanced)
Finished game 100 (balanced vs aggressive): 1-0 {White wins by adjudication}
--------------------------------------------------
Results of aggressive vs balanced (5+0.05, 1t, 16MB, openings.epd):
Elo: -64.55 +/- 53.99, nElo: -84.88 +/- 68.79
LOS: 0.78 %, DrawRatio: 34.69 %, PairsRatio: 0.52
Games: 98, Wins: 20, Losses: 38, Draws: 40, Points: 40.0 (40.82 %)
Ptnml(0-2): [9, 12, 17, 10, 1], WL/DD Ratio: 0.89
LLR: -0.72 (-24.4%) (-2.94, 2.94) [0.00, 10.00]
--------------------------------------------------
Started game 108 of 600 (balanced vs aggressive)
Finished game 98 (balanced vs aggressive): 0-1 {Black wins by adjudication}
Started game 109 of 600 (aggressive vs balanced)
Finished game 101 (aggressive vs balanced): 1/2-1/2 {Draw by 3-fold repetition}
Started game 110 of 600 (balanced vs aggressive)
Finished game 104 (balanced vs aggressive): 0-1 {Black wins by adjudication}
Started game 111 of 600 (aggressive vs balanced)
Finished game 97 (aggressive vs balanced): 0-1 {White loses on time (1ms overrun)}
Started game 112 of 600 (balanced vs aggressive)
Finished game 110 (balanced vs aggressive): 0-1 {Black wins by adjudication}
Started game 113 of 600 (aggressive vs balanced)
Finished game 103 (aggressive vs balanced): 1/2-1/2 {Draw by adjudication}
Started game 114 of 600 (balanced vs aggressive)
Finished game 105 (aggressive vs balanced): 1-0 {White wins by adjudication}
Started game 115 of 600 (aggressive vs balanced)
Finished game 107 (aggressive vs balanced): 1-0 {White wins by adjudication}
Started game 116 of 600 (balanced vs aggressive)
Finished game 108 (balanced vs aggressive): 1-0 {White wins by adjudication}
Started game 117 of 600 (aggressive vs balanced)
Finished game 109 (aggressive vs balanced): 1/2-1/2 {Draw by adjudication}
Started game 118 of 600 (balanced vs aggressive)
Finished game 111 (aggressive vs balanced): 1-0 {White wins by adjudication}
Started game 119 of 600 (aggressive vs balanced)
Finished game 106 (balanced vs aggressive): 1/2-1/2 {Draw by fifty moves rule}
Started game 120 of 600 (balanced vs aggressive)
Finished game 112 (balanced vs aggressive): 1-0 {White wins by adjudication}
Started game 121 of 600 (aggressive vs balanced)
Finished game 115 (aggressive vs balanced): 1/2-1/2 {Draw by 3-fold repetition}
Started game 122 of 600 (balanced vs aggressive)
Finished game 116 (balanced vs aggressive): 1/2-1/2 {Draw by 3-fold repetition}
Started game 123 of 600 (aggressive vs balanced)
Finished game 114 (balanced vs aggressive): 1-0 {White wins by adjudication}
Started game 124 of 600 (balanced vs aggressive)
Finished game 119 (aggressive vs balanced): 1-0 {White wins by adjudication}
Started game 125 of 600 (aggressive vs balanced)
Finished game 117 (aggressive vs balanced): 1/2-1/2 {Draw by adjudication}
Started game 126 of 600 (balanced vs aggressive)
Finished game 113 (aggressive vs balanced): 1/2-1/2 {Draw by 3-fold repetition}
Started game 127 of 600 (aggressive vs balanced)
Finished game 120 (balanced vs aggressive): 1-0 {White wins by adjudication}
--------------------------------------------------
Results of aggressive vs balanced (5+0.05, 1t, 16MB, openings.epd):
Elo: -47.40 +/- 46.45, nElo: -65.17 +/- 62.69
LOS: 2.08 %, DrawRatio: 38.98 %, PairsRatio: 0.64
Games: 118, Wins: 27, Losses: 43, Draws: 48, Points: 51.0 (43.22 %)
Ptnml(0-2): [9, 13, 23, 13, 1], WL/DD Ratio: 1.09
LLR: -0.69 (-23.5%) (-2.94, 2.94) [0.00, 10.00]
--------------------------------------------------
Started game 128 of 600 (balanced vs aggressive)
Finished game 118 (balanced vs aggressive): 1-0 {White wins by adjudication}
Started game 129 of 600 (aggressive vs balanced)
Finished game 122 (balanced vs aggressive): 1-0 {White wins by adjudication}
Started game 130 of 600 (balanced vs aggressive)
Finished game 124 (balanced vs aggressive): 1-0 {White wins by adjudication}
Started game 131 of 600 (aggressive vs balanced)
Finished game 125 (aggressive vs balanced): 1-0 {White wins by adjudication}
Started game 132 of 600 (balanced vs aggressive)
Finished game 123 (aggressive vs balanced): 1/2-1/2 {Draw by 3-fold repetition}
Started game 133 of 600 (aggressive vs balanced)
Finished game 129 (aggressive vs balanced): 1-0 {White wins by adjudication}
Started game 134 of 600 (balanced vs aggressive)
Finished game 127 (aggressive vs balanced): 1-0 {White wins by adjudication}
Started game 135 of 600 (aggressive vs balanced)
Finished game 128 (balanced vs aggressive): 1-0 {White wins by adjudication}
Started game 136 of 600 (balanced vs aggressive)
Finished game 121 (aggressive vs balanced): 1-0 {Black loses on time (1ms overrun)}
Started game 137 of 600 (aggressive vs balanced)
Finished game 130 (balanced vs aggressive): 1/2-1/2 {Draw by 3-fold repetition}
Started game 138 of 600 (balanced vs aggressive)
Finished game 126 (balanced vs aggressive): 0-1 {Black wins by adjudication}
Started game 139 of 600 (aggressive vs balanced)
Finished game 132 (balanced vs aggressive): 1/2-1/2 {Draw by adjudication}
Started game 140 of 600 (balanced vs aggressive)
Finished game 131 (aggressive vs balanced): 1-0 {White wins by adjudication}
Started game 141 of 600 (aggressive vs balanced)
Finished game 133 (aggressive vs balanced): 0-1 {Black wins by adjudication}
Started game 142 of 600 (balanced vs aggressive)
Finished game 134 (balanced vs aggressive): 1/2-1/2 {Draw by 3-fold repetition}
Started game 143 of 600 (aggressive vs balanced)
Finished game 136 (balanced vs aggressive): 1/2-1/2 {Draw by adjudication}
Started game 144 of 600 (balanced vs aggressive)
Finished game 135 (aggressive vs balanced): 1/2-1/2 {Draw by insufficient mating material}
Started game 145 of 600 (aggressive vs balanced)
Finished game 139 (aggressive vs balanced): 1/2-1/2 {Draw by adjudication}
Started game 146 of 600 (balanced vs aggressive)
Finished game 138 (balanced vs aggressive): 0-1 {Black wins by adjudication}
Started game 147 of 600 (aggressive vs balanced)
Finished game 137 (aggressive vs balanced): 1/2-1/2 {Draw by fifty moves rule}
Started game 148 of 600 (balanced vs aggressive)
Finished game 143 (aggressive vs balanced): 0-1 {Black wins by adjudication}
Started game 149 of 600 (aggressive vs balanced)
Finished game 140 (balanced vs aggressive): 1-0 {White wins by adjudication}
--------------------------------------------------
Results of aggressive vs balanced (5+0.05, 1t, 16MB, openings.epd):
Elo: -37.37 +/- 42.48, nElo: -51.28 +/- 57.55
LOS: 4.04 %, DrawRatio: 37.14 %, PairsRatio: 0.69
Games: 140, Wins: 34, Losses: 49, Draws: 57, Points: 62.5 (44.64 %)
Ptnml(0-2): [9, 17, 26, 16, 2], WL/DD Ratio: 1.17
LLR: -0.65 (-22.2%) (-2.94, 2.94) [0.00, 10.00]
--------------------------------------------------
Started game 150 of 600 (balanced vs aggressive)
Finished game 142 (balanced vs aggressive): 1-0 {White wins by adjudication}
Started game 151 of 600 (aggressive vs balanced)
Finished game 141 (aggressive vs balanced): 1/2-1/2 {Draw by adjudication}
Started game 152 of 600 (balanced vs aggressive)
Finished game 144 (balanced vs aggressive): 1/2-1/2 {Draw by insufficient mating material}
Started game 153 of 600 (aggressive vs balanced)
Finished game 149 (aggressive vs balanced): 0-1 {Black wins by adjudication}
Started game 154 of 600 (balanced vs aggressive)
Finished game 145 (aggressive vs balanced): 0-1 {Black wins by adjudication}
Started game 155 of 600 (aggressive vs balanced)
Finished game 147 (aggressive vs balanced): 1-0 {White wins by adjudication}
Started game 156 of 600 (balanced vs aggressive)
Finished game 153 (aggressive vs balanced): 0-1 {Black wins by adjudication}
Started game 157 of 600 (aggressive vs balanced)
Finished game 146 (balanced vs aggressive): 1/2-1/2 {Draw by insufficient mating material}
Started game 158 of 600 (balanced vs aggressive)
Finished game 151 (aggressive vs balanced): 1-0 {White wins by adjudication}
Started game 159 of 600 (aggressive vs balanced)
Finished game 148 (balanced vs aggressive): 1/2-1/2 {Draw by adjudication}
Started game 160 of 600 (balanced vs aggressive)
Finished game 150 (balanced vs aggressive): 1/2-1/2 {Draw by fifty moves rule}
Started game 161 of 600 (aggressive vs balanced)
Finished game 152 (balanced vs aggressive): 1-0 {White wins by adjudication}
Started game 162 of 600 (balanced vs aggressive)
Finished game 155 (aggressive vs balanced): 0-1 {Black wins by adjudication}
Started game 163 of 600 (aggressive vs balanced)
Finished game 154 (balanced vs aggressive): 0-1 {Black wins by adjudication}
Started game 164 of 600 (balanced vs aggressive)
Finished game 157 (aggressive vs balanced): 1-0 {White wins by adjudication}
Started game 165 of 600 (aggressive vs balanced)
Finished game 162 (balanced vs aggressive): 1/2-1/2 {Draw by 3-fold repetition}
Started game 166 of 600 (balanced vs aggressive)
Finished game 159 (aggressive vs balanced): 1-0 {White wins by adjudication}
Started game 167 of 600 (aggressive vs balanced)
Finished game 161 (aggressive vs balanced): 1/2-1/2 {Draw by 3-fold repetition}
Started game 168 of 600 (balanced vs aggressive)
Finished game 156 (balanced vs aggressive): 1-0 {Black loses on time (1ms overrun)}
Started game 169 of 600 (aggressive vs balanced)
Finished game 160 (balanced vs aggressive): 1/2-1/2 {Draw by insufficient mating material}
--------------------------------------------------
Results of aggressive vs balanced (5+0.05, 1t, 16MB, openings.epd):
Elo: -41.45 +/- 39.38, nElo: -57.46 +/- 53.83
LOS: 1.82 %, DrawRatio: 36.25 %, PairsRatio: 0.65
Games: 160, Wins: 38, Losses: 57, Draws: 65, Points: 70.5 (44.06 %)
Ptnml(0-2): [10, 21, 29, 18, 2], WL/DD Ratio: 1.23
LLR: -0.83 (-28.0%) (-2.94, 2.94) [0.00, 10.00]
--------------------------------------------------
Started game 170 of 600 (balanced vs aggressive)
Finished game 158 (balanced vs aggressive): 1/2-1/2 {Draw by 3-fold repetition}
Started game 171 of 600 (aggressive vs balanced)
Finished game 163 (aggressive vs balanced): 0-1 {Black wins by adjudication}
Started game 172 of 600 (balanced vs aggressive)
Finished game 164 (balanced vs aggressive): 1-0 {White wins by adjudication}
Started game 173 of 600 (aggressive vs balanced)
Finished game 165 (aggressive vs balanced): 1/2-1/2 {Draw by adjudication}
Started game 174 of 600 (balanced vs aggressive)
Finished game 168 (balanced vs aggressive): 1/2-1/2 {Draw by 3-fold repetition}
Started game 175 of 600 (aggressive vs balanced)
Finished game 166 (balanced vs aggressive): 0-1 {Black wins by adjudication}
Started game 176 of 600 (balanced vs aggressive)
Finished game 170 (balanced vs aggressive): 1-0 {White wins by adjudication}
Started game 177 of 600 (aggressive vs balanced)
Finished game 172 (balanced vs aggressive): 1/2-1/2 {Draw by 3-fold repetition}
Started game 178 of 600 (balanced vs aggressive)
Finished game 167 (aggressive vs balanced): 1/2-1/2 {Draw by insufficient mating material}
Started game 179 of 600 (aggressive vs balanced)
Finished game 174 (balanced vs aggressive): 0-1 {Black wins by adjudication}
Started game 180 of 600 (balanced vs aggressive)
Finished game 169 (aggressive vs balanced): 1/2-1/2 {Draw by adjudication}
Started game 181 of 600 (aggressive vs balanced)
Finished game 173 (aggressive vs balanced): 1/2-1/2 {Draw by 3-fold repetition}
Started game 182 of 600 (balanced vs aggressive)
Finished game 175 (aggressive vs balanced): 1/2-1/2 {Draw by 3-fold repetition}
Started game 183 of 600 (aggressive vs balanced)
Finished game 180 (balanced vs aggressive): 1-0 {White mates}
Started game 184 of 600 (balanced vs aggressive)
Finished game 171 (aggressive vs balanced): 1-0 {Black loses on time (1ms overrun)}
Started game 185 of 600 (aggressive vs balanced)
Finished game 176 (balanced vs aggressive): 1-0 {White wins by adjudication}
Started game 186 of 600 (balanced vs aggressive)
Finished game 178 (balanced vs aggressive): 1-0 {White wins by adjudication}
Started game 187 of 600 (aggressive vs balanced)
Finished game 179 (aggressive vs balanced): 1-0 {White wins by adjudication}
--------------------------------------------------
Results of aggressive vs balanced (5+0.05, 1t, 16MB, openings.epd):
Elo: -37.23 +/- 37.46, nElo: -51.32 +/- 51.04
LOS: 2.44 %, DrawRatio: 34.83 %, PairsRatio: 0.71
Games: 178, Wins: 43, Losses: 62, Draws: 73, Points: 79.5 (44.66 %)
Ptnml(0-2): [11, 23, 31, 22, 2], WL/DD Ratio: 1.21
LLR: -0.83 (-28.3%) (-2.94, 2.94) [0.00, 10.00]
--------------------------------------------------
Started game 188 of 600 (balanced vs aggressive)
Finished game 177 (aggressive vs balanced): 0-1 {Black wins by adjudication}
Started game 189 of 600 (aggressive vs balanced)
Finished game 184 (balanced vs aggressive): 1/2-1/2 {Draw by 3-fold repetition}
Started game 190 of 600 (balanced vs aggressive)
Finished game 181 (aggressive vs balanced): 1/2-1/2 {Draw by insufficient mating material}
Started game 191 of 600 (aggressive vs balanced)
Finished game 183 (aggressive vs balanced): 1-0 {White wins by adjudication}
Started game 192 of 600 (balanced vs aggressive)
Finished game 189 (aggressive vs balanced): 1-0 {White wins by adjudication}
Started game 193 of 600 (aggressive vs balanced)
Finished game 182 (balanced vs aggressive): 0-1 {Black wins by adjudication}
Started game 194 of 600 (balanced vs aggressive)
Finished game 190 (balanced vs aggressive): 1-0 {White wins by adjudication}
Started game 195 of 600 (aggressive vs balanced)
Finished game 186 (balanced vs aggressive): 1/2-1/2 {Draw by adjudication}
Started game 196 of 600 (balanced vs aggressive)
Finished game 185 (aggressive vs balanced): 1/2-1/2 {Draw by fifty moves rule}
Started game 197 of 600 (aggressive vs balanced)
Finished game 193 (aggressive vs balanced): 1-0 {White wins by adjudication}
Started game 198 of 600 (balanced vs aggressive)
Finished game 194 (balanced vs aggressive): 0-1 {Black wins by adjudication}
Started game 199 of 600 (aggressive vs balanced)
Finished game 187 (aggressive vs balanced): 1-0 {Black loses on time (5ms overrun)}
Started game 200 of 600 (balanced vs aggressive)
Finished game 188 (balanced vs aggressive): 0-1 {White loses on time (2ms overrun)}
Started game 201 of 600 (aggressive vs balanced)
Finished game 195 (aggressive vs balanced): 0-1 {Black wins by adjudication}
Started game 202 of 600 (balanced vs aggressive)
Finished game 192 (balanced vs aggressive): 1/2-1/2 {Draw by 3-fold repetition}
Started game 203 of 600 (aggressive vs balanced)
Finished game 199 (aggressive vs balanced): 1/2-1/2 {Draw by 3-fold repetition}
Started game 204 of 600 (balanced vs aggressive)
Finished game 198 (balanced vs aggressive): 1/2-1/2 {Draw by 3-fold repetition}
Started game 205 of 600 (aggressive vs balanced)
Finished game 191 (aggressive vs balanced): 1/2-1/2 {Draw by fifty moves rule}
Started game 206 of 600 (balanced vs aggressive)
Finished game 197 (aggressive vs balanced): 1/2-1/2 {Draw by 3-fold repetition}
Started game 207 of 600 (aggressive vs balanced)
Finished game 196 (balanced vs aggressive): 0-1 {Black wins by adjudication}
Started game 208 of 600 (balanced vs aggressive)
Finished game 204 (balanced vs aggressive): 1/2-1/2 {Draw by 3-fold repetition}
Started game 209 of 600 (aggressive vs balanced)
Finished game 201 (aggressive vs balanced): 1/2-1/2 {Draw by insufficient mating material}
Started game 210 of 600 (balanced vs aggressive)
Finished game 200 (balanced vs aggressive): 1/2-1/2 {Draw by fifty moves rule}
--------------------------------------------------
Results of aggressive vs balanced (5+0.05, 1t, 16MB, openings.epd):
Elo: -26.11 +/- 35.84, nElo: -35.34 +/- 48.15
LOS: 7.52 %, DrawRatio: 37.00 %, PairsRatio: 0.80
Games: 200, Wins: 51, Losses: 66, Draws: 83, Points: 92.5 (46.25 %)
Ptnml(0-2): [12, 23, 37, 24, 4], WL/DD Ratio: 1.06
LLR: -0.67 (-22.8%) (-2.94, 2.94) [0.00, 10.00]
--------------------------------------------------
Started game 211 of 600 (aggressive vs balanced)
Finished game 207 (aggressive vs balanced): 0-1 {Black wins by adjudication}
Started game 212 of 600 (balanced vs aggressive)
Finished game 206 (balanced vs aggressive): 0-1 {Black wins by adjudication}
Started game 213 of 600 (aggressive vs balanced)
Finished game 205 (aggressive vs balanced): 1-0 {White wins by adjudication}
Started game 214 of 600 (balanced vs aggressive)
Finished game 208 (balanced vs aggressive): 1/2-1/2 {Draw by stalemate}
Started game 215 of 600 (aggressive vs balanced)
Finished game 202 (balanced vs aggressive): 1-0 {Black loses on time (2ms overrun)}
Started game 216 of 600 (balanced vs aggressive)
Finished game 203 (aggressive vs balanced): 1/2-1/2 {Draw by adjudication}
Started game 217 of 600 (aggressive vs balanced)
Finished game 209 (aggressive vs balanced): 1/2-1/2 {Draw by 3-fold repetition}
Started game 218 of 600 (balanced vs aggressive)
Finished game 215 (aggressive vs balanced): 1/2-1/2 {Draw by 3-fold repetition}
Started game 219 of 600 (aggressive vs balanced)
Finished game 210 (balanced vs aggressive): 1-0 {White wins by adjudication}
Started game 220 of 600 (balanced vs aggressive)
Finished game 211 (aggressive vs balanced): 1/2-1/2 {Draw by 3-fold repetition}
Started game 221 of 600 (aggressive vs balanced)
Finished game 212 (balanced vs aggressive): 1-0 {White wins by adjudication}
Started game 222 of 600 (balanced vs aggressive)
Finished game 218 (balanced vs aggressive): 1-0 {White wins by adjudication}
Started game 223 of 600 (aggressive vs balanced)
Finished game 214 (balanced vs aggressive): 1/2-1/2 {Draw by insufficient mating material}
Started game 224 of 600 (balanced vs aggressive)
Finished game 216 (balanced vs aggressive): 1/2-1/2 {Draw by adjudication}
Started game 225 of 600 (aggressive vs balanced)
Finished game 213 (aggressive vs balanced): 0-1 {White loses on time (1ms overrun)}
Started game 226 of 600 (balanced vs aggressive)
Finished game 217 (aggressive vs balanced): 1-0 {White wins by adjudication}
Started game 227 of 600 (aggressive vs balanced)
Finished game 221 (aggressive vs balanced): 0-1 {Black wins by adjudication}
Started game 228 of 600 (balanced vs aggressive)
Finished game 222 (balanced vs aggressive): 1/2-1/2 {Draw by 3-fold repetition}
Started game 229 of 600 (aggressive vs balanced)
Finished game 219 (aggressive vs balanced): 1-0 {White wins by adjudication}
Started game 230 of 600 (balanced vs aggressive)
Finished game 225 (aggressive vs balanced): 1/2-1/2 {Draw by 3-fold repetition}
Started game 231 of 600 (aggressive vs balanced)
Finished game 224 (balanced vs aggressive): 1-0 {White wins by adjudication}
Started game 232 of 600 (balanced vs aggressive)
Finished game 223 (aggressive vs balanced): 1/2-1/2 {Draw by adjudication}
Started game 233 of 600 (aggressive vs balanced)
Finished game 220 (balanced vs aggressive): 1/2-1/2 {Draw by fifty moves rule}
--------------------------------------------------
Results of aggressive vs balanced (5+0.05, 1t, 16MB, openings.epd):
Elo: -29.54 +/- 33.62, nElo: -40.30 +/- 45.50
LOS: 4.13 %, DrawRatio: 35.71 %, PairsRatio: 0.71
Games: 224, Wins: 55, Losses: 74, Draws: 95, Points: 102.5 (45.76 %)
Ptnml(0-2): [12, 30, 40, 25, 5], WL/DD Ratio: 1.00
LLR: -0.83 (-28.4%) (-2.94, 2.94) [0.00, 10.00]
--------------------------------------------------
Started game 234 of 600 (balanced vs aggressive)
Finished game 227 (aggressive vs balanced): 1/2-1/2 {Draw by 3-fold repetition}
Started game 235 of 600 (aggressive vs balanced)
Finished game 228 (balanced vs aggressive): 1-0 {White wins by adjudication}
Started game 236 of 600 (balanced vs aggressive)
Finished game 231 (aggressive vs balanced): 1-0 {White wins by adjudication}
Started game 237 of 600 (aggressive vs balanced)
Finished game 232 (balanced vs aggressive): 1-0 {White wins by adjudication}
Started game 238 of 600 (balanced vs aggressive)
Finished game 226 (balanced vs aggressive): 1/2-1/2 {Draw by adjudication}
Started game 239 of 600 (aggressive vs balanced)
Finished game 229 (aggressive vs balanced): 1/2-1/2 {Draw by adjudication}
Started game 240 of 600 (balanced vs aggressive)
Finished game 233 (aggressive vs balanced): 0-1 {Black wins by adjudication}
Started game 241 of 600 (aggressive vs balanced)
Finished game 235 (aggressive vs balanced): 1/2-1/2 {Draw by 3-fold repetition}
Started game 242 of 600 (balanced vs aggressive)
Finished game 230 (balanced vs aggressive): 0-1 {Black wins by adjudication}
Started game 243 of 600 (aggressive vs balanced)
Finished game 234 (balanced vs aggressive): 1/2-1/2 {Draw by 3-fold repetition}
Started game 244 of 600 (balanced vs aggressive)
Finished game 236 (balanced vs aggressive): 1/2-1/2 {Draw by 3-fold repetition}
Started game 245 of 600 (aggressive vs balanced)
Finished game 237 (aggressive vs balanced): 0-1 {Black wins by adjudication}
Started game 246 of 600 (balanced vs aggressive)
Finished game 238 (balanced vs aggressive): 1-0 {White wins by adjudication}
Started game 247 of 600 (aggressive vs balanced)
Finished game 239 (aggressive vs balanced): 1/2-1/2 {Draw by insufficient mating material}
Started game 248 of 600 (balanced vs aggressive)
Finished game 241 (aggressive vs balanced): 0-1 {Black wins by adjudication}
Started game 249 of 600 (aggressive vs balanced)
Finished game 240 (balanced vs aggressive): 1-0 {White wins by adjudication}
--------------------------------------------------
Results of aggressive vs balanced (5+0.05, 1t, 16MB, openings.epd):
Elo: -33.40 +/- 32.32, nElo: -45.85 +/- 43.96
LOS: 2.05 %, DrawRatio: 35.83 %, PairsRatio: 0.67
Games: 240, Wins: 57, Losses: 80, Draws: 103, Points: 108.5 (45.21 %)
Ptnml(0-2): [13, 33, 43, 26, 5], WL/DD Ratio: 0.95
LLR: -1.00 (-34.0%) (-2.94, 2.94) [0.00, 10.00]
--------------------------------------------------
Started game 250 of 600 (balanced vs aggressive)
Finished game 243 (aggressive vs balanced): 1/2-1/2 {Draw by 3-fold repetition}
Started game 251 of 600 (aggressive vs balanced)
Finished game 245 (aggressive vs balanced): 1/2-1/2 {Draw by 3-fold repetition}
Started game 252 of 600 (balanced vs aggressive)
Finished game 242 (balanced vs aggressive): 1-0 {White wins by adjudication}
Started game 253 of 600 (aggressive vs balanced)
Finished game 246 (balanced vs aggressive): 1/2-1/2 {Draw by 3-fold repetition}
Started game 254 of 600 (balanced vs aggressive)
Finished game 250 (balanced vs aggressive): 1-0 {White mates}
Started game 255 of 600 (aggressive vs balanced)
Finished game 251 (aggressive vs balanced): 0-1 {Black wins by adjudication}
Started game 256 of 600 (balanced vs aggressive)
Finished game 244 (balanced vs aggressive): 1/2-1/2 {Draw by 3-fold repetition}
Started game 257 of 600 (aggressive vs balanced)
Finished game 248 (balanced vs aggressive): 1-0 {White wins by adjudication}
Started game 258 of 600 (balanced vs aggressive)
Finished game 247 (aggressive vs balanced): 1/2-1/2 {Draw by adjudication}
Started game 259 of 600 (aggressive vs balanced)
Finished game 252 (balanced vs aggressive): 1-0 {White wins by adjudication}
Started game 260 of 600 (balanced vs aggressive)
Finished game 255 (aggressive vs balanced): 1-0 {White wins by adjudication}
Started game 261 of 600 (aggressive vs balanced)
Finished game 249 (aggressive vs balanced): 1/2-1/2 {Draw by fifty moves rule}
Started game 262 of 600 (balanced vs aggressive)
Finished game 257 (aggressive vs balanced): 1/2-1/2 {Draw by 3-fold repetition}
Started game 263 of 600 (aggressive vs balanced)
Finished game 259 (aggressive vs balanced): 1/2-1/2 {Draw by adjudication}
Started game 264 of 600 (balanced vs aggressive)
Finished game 258 (balanced vs aggressive): 1-0 {White wins by adjudication}
Started game 265 of 600 (aggressive vs balanced)
Finished game 253 (aggressive vs balanced): 0-1 {Black wins by adjudication}
Started game 266 of 600 (balanced vs aggressive)
Finished game 256 (balanced vs aggressive): 1-0 {White wins by adjudication}
Started game 267 of 600 (aggressive vs balanced)
Finished game 254 (balanced vs aggressive): 1/2-1/2 {Draw by fifty moves rule}
Started game 268 of 600 (balanced vs aggressive)
Finished game 260 (balanced vs aggressive): 1-0 {White wins by adjudication}
--------------------------------------------------
Results of aggressive vs balanced (5+0.05, 1t, 16MB, openings.epd):
Elo: -42.98 +/- 31.11, nElo: -59.10 +/- 42.23
LOS: 0.30 %, DrawRatio: 35.38 %, PairsRatio: 0.58
Games: 260, Wins: 58, Losses: 90, Draws: 112, Points: 114.0 (43.85 %)
Ptnml(0-2): [15, 38, 46, 26, 5], WL/DD Ratio: 0.92
LLR: -1.35 (-45.9%) (-2.94, 2.94) [0.00, 10.00]
--------------------------------------------------
Started game 269 of 600 (aggressive vs balanced)
Finished game 265 (aggressive vs balanced): 0-1 {Black wins by adjudication}
Started game 270 of 600 (balanced vs aggressive)
Finished game 263 (aggressive vs balanced): 1/2-1/2 {Draw by 3-fold repetition}
Started game 271 of 600 (aggressive vs balanced)
Finished game 262 (balanced vs aggressive): 1/2-1/2 {Draw by 3-fold repetition}
Started game 272 of 600 (balanced vs aggressive)
Finished game 264 (balanced vs aggressive): 1-0 {White wins by adjudication}
Started game 273 of 600 (aggressive vs balanced)
Finished game 269 (aggressive vs balanced): 0-1 {Black wins by adjudication}
Started game 274 of 600 (balanced vs aggressive)
Finished game 261 (aggressive vs balanced): 1-0 {Black loses on time (1ms overrun)}
Started game 275 of 600 (aggressive vs balanced)
Finished game 272 (balanced vs aggressive): 1-0 {White wins by adjudication}
Started game 276 of 600 (balanced vs aggressive)
Finished game 266 (balanced vs aggressive): 1-0 {White wins by adjudication}
Started game 277 of 600 (aggressive vs balanced)
Finished game 267 (aggressive vs balanced): 1/2-1/2 {Draw by adjudication}
Started game 278 of 600 (balanced vs aggressive)
Finished game 271 (aggressive vs balanced): 0-1 {Black wins by adjudication}
Started game 279 of 600 (aggressive vs balanced)
Finished game 277 (aggressive vs balanced): 0-1 {Black wins by adjudication}
Started game 280 of 600 (balanced vs aggressive)
Finished game 268 (balanced vs aggressive): 0-1 {White loses on time (1ms overrun)}
Started game 281 of 600 (aggressive vs balanced)
Finished game 274 (balanced vs aggressive): 1/2-1/2 {Draw by insufficient mating material}
Started game 282 of 600 (balanced vs aggressive)
Finished game 270 (balanced vs aggressive): 0-1 {White loses on time (1ms overrun)}
Started game 283 of 600 (aggressive vs balanced)
Finished game 278 (balanced vs aggressive): 1-0 {White wins by adjudication}
Started game 284 of 600 (balanced vs aggressive)
Finished game 276 (balanced vs aggressive): 1/2-1/2 {Draw by 3-fold repetition}
Started game 285 of 600 (aggressive vs balanced)
Finished game 273 (aggressive vs balanced): 0-1 {Black wins by adjudication}
Started game 286 of 600 (balanced vs aggressive)
Finished game 280 (balanced vs aggressive): 1-0 {White wins by adjudication}
Started game 287 of 600 (aggressive vs balanced)
Finished game 275 (aggressive vs balanced): 1/2-1/2 {Draw by 3-fold repetition}
Started game 288 of 600 (balanced vs aggressive)
Finished game 279 (aggressive vs balanced): 0-1 {Black wins by adjudication}
--------------------------------------------------
Results of aggressive vs balanced (5+0.05, 1t, 16MB, openings.epd):
Elo: -49.98 +/- 30.75, nElo: -67.24 +/- 40.70
LOS: 0.06 %, DrawRatio: 34.29 %, PairsRatio: 0.56
Games: 280, Wins: 61, Losses: 101, Draws: 118, Points: 120.0 (42.86 %)
Ptnml(0-2): [19, 40, 48, 28, 5], WL/DD Ratio: 0.92
LLR: -1.64 (-55.5%) (-2.94, 2.94) [0.00, 10.00]
--------------------------------------------------
Started game 289 of 600 (aggressive vs balanced)
Finished game 284 (balanced vs aggressive): 1-0 {White wins by adjudication}
Started game 290 of 600 (balanced vs aggressive)
Finished game 283 (aggressive vs balanced): 1/2-1/2 {Draw by adjudication}
Started game 291 of 600 (aggressive vs balanced)
Finished game 282 (balanced vs aggressive): 0-1 {Black wins by adjudication}
Started game 292 of 600 (balanced vs aggressive)
Finished game 281 (aggressive vs balanced): 1-0 {White wins by adjudication}
Started game 293 of 600 (aggressive vs balanced)
Finished game 289 (aggressive vs balanced): 1/2-1/2 {Draw by adjudication}
Started game 294 of 600 (balanced vs aggressive)
Finished game 290 (balanced vs aggressive): 0-1 {Black wins by adjudication}
Started game 295 of 600 (aggressive vs balanced)
Finished game 288 (balanced vs aggressive): 1-0 {White wins by adjudication}
Started game 296 of 600 (balanced vs aggressive)
Finished game 291 (aggressive vs balanced): 1/2-1/2 {Draw by 3-fold repetition}
Started game 297 of 600 (aggressive vs balanced)
Finished game 287 (aggressive vs balanced): 1-0 {White wins by adjudication}
Started game 298 of 600 (balanced vs aggressive)
Finished game 285 (aggressive vs balanced): 1/2-1/2 {Draw by insufficient mating material}
Started game 299 of 600 (aggressive vs balanced)
Finished game 292 (balanced vs aggressive): 1-0 {White wins by adjudication}
Started game 300 of 600 (balanced vs aggressive)
Finished game 286 (balanced vs aggressive): 1/2-1/2 {Draw by 3-fold repetition}
Started game 301 of 600 (aggressive vs balanced)
Finished game 300 (balanced vs aggressive): 1/2-1/2 {Draw by 3-fold repetition}
Started game 302 of 600 (balanced vs aggressive)
Finished game 298 (balanced vs aggressive): 1-0 {White wins by adjudication}
Started game 303 of 600 (aggressive vs balanced)
Finished game 295 (aggressive vs balanced): 1/2-1/2 {Draw by adjudication}
Started game 304 of 600 (balanced vs aggressive)
Finished game 297 (aggressive vs balanced): 1/2-1/2 {Draw by 3-fold repetition}
Started game 305 of 600 (aggressive vs balanced)
Finished game 301 (aggressive vs balanced): 1-0 {White wins by adjudication}
Started game 306 of 600 (balanced vs aggressive)
Finished game 293 (aggressive vs balanced): 1/2-1/2 {Draw by fifty moves rule}
Started game 307 of 600 (aggressive vs balanced)
Finished game 296 (balanced vs aggressive): 1/2-1/2 {Draw by 3-fold repetition}
Started game 308 of 600 (balanced vs aggressive)
Finished game 299 (aggressive vs balanced): 1-0 {White wins by adjudication}
--------------------------------------------------
Results of aggressive vs balanced (5+0.05, 1t, 16MB, openings.epd):
Elo: -45.73 +/- 29.74, nElo: -61.52 +/- 39.45
LOS: 0.11 %, DrawRatio: 34.23 %, PairsRatio: 0.58
Games: 298, Wins: 66, Losses: 105, Draws: 127, Points: 129.5 (43.46 %)
Ptnml(0-2): [19, 43, 51, 30, 6], WL/DD Ratio: 0.89
LLR: -1.61 (-54.5%) (-2.94, 2.94) [0.00, 10.00]
--------------------------------------------------
Started game 309 of 600 (aggressive vs balanced)
Finished game 294 (balanced vs aggressive): 1/2-1/2 {Draw by 3-fold repetition}
Started game 310 of 600 (balanced vs aggressive)
Finished game 303 (aggressive vs balanced): 1/2-1/2 {Draw by 3-fold repetition}
Started game 311 of 600 (aggressive vs balanced)
Finished game 310 (balanced vs aggressive): 1/2-1/2 {Draw by 3-fold repetition}
Started game 312 of 600 (balanced vs aggressive)
Finished game 304 (balanced vs aggressive): 0-1 {Black mates}
Started game 313 of 600 (aggressive vs balanced)
Finished game 306 (balanced vs aggressive): 1/2-1/2 {Draw by insufficient mating material}
Started game 314 of 600 (balanced vs aggressive)
Finished game 302 (balanced vs aggressive): 1-0 {White wins by adjudication}
Started game 315 of 600 (aggressive vs balanced)
Finished game 308 (balanced vs aggressive): 1-0 {White wins by adjudication}
Started game 316 of 600 (balanced vs aggressive)
Finished game 305 (aggressive vs balanced): 1/2-1/2 {Draw by adjudication}
Started game 317 of 600 (aggressive vs balanced)
Finished game 311 (aggressive vs balanced): 1/2-1/2 {Draw by 3-fold repetition}
Started game 318 of 600 (balanced vs aggressive)
Finished game 307 (aggressive vs balanced): 1/2-1/2 {Draw by fifty moves rule}
Started game 319 of 600 (aggressive vs balanced)
Finished game 309 (aggressive vs balanced): 1/2-1/2 {Draw by fifty moves rule}
Started game 320 of 600 (balanced vs aggressive)
Finished game 312 (balanced vs aggressive): 1-0 {White wins by adjudication}
Started game 321 of 600 (aggressive vs balanced)
Finished game 315 (aggressive vs balanced): 1-0 {White wins by adjudication}
Started game 322 of 600 (balanced vs aggressive)
Finished game 313 (aggressive vs balanced): 1/2-1/2 {Draw by 3-fold repetition}
Started game 323 of 600 (aggressive vs balanced)
Finished game 314 (balanced vs aggressive): 1-0 {White wins by adjudication}
Started game 324 of 600 (balanced vs aggressive)
Finished game 319 (aggressive vs balanced): 1/2-1/2 {Draw by 3-fold repetition}
Started game 325 of 600 (aggressive vs balanced)
Finished game 317 (aggressive vs balanced): 1-0 {White wins by adjudication}
Started game 326 of 600 (balanced vs aggressive)
Finished game 321 (aggressive vs balanced): 1/2-1/2 {Draw by adjudication}
Started game 327 of 600 (aggressive vs balanced)
Finished game 316 (balanced vs aggressive): 1/2-1/2 {Draw by 3-fold repetition}
Started game 328 of 600 (balanced vs aggressive)
Finished game 320 (balanced vs aggressive): 1-0 {White wins by adjudication}
--------------------------------------------------
Results of aggressive vs balanced (5+0.05, 1t, 16MB, openings.epd):
Elo: -45.05 +/- 28.33, nElo: -61.55 +/- 38.19
LOS: 0.08 %, DrawRatio: 34.59 %, PairsRatio: 0.58
Games: 318, Wins: 69, Losses: 110, Draws: 139, Points: 138.5 (43.55 %)
Ptnml(0-2): [19, 47, 55, 32, 6], WL/DD Ratio: 0.83
LLR: -1.71 (-58.2%) (-2.94, 2.94) [0.00, 10.00]
--------------------------------------------------
Started game 329 of 600 (aggressive vs balanced)
Finished game 323 (aggressive vs balanced): 1-0 {White wins by adjudication}
Started game 330 of 600 (balanced vs aggressive)
Finished game 318 (balanced vs aggressive): 1-0 {White wins by adjudication}
Started game 331 of 600 (aggressive vs balanced)
Finished game 326 (balanced vs aggressive): 1/2-1/2 {Draw by 3-fold repetition}
Started game 332 of 600 (balanced vs aggressive)
Finished game 325 (aggressive vs balanced): 1/2-1/2 {Draw by 3-fold repetition}
Started game 333 of 600 (aggressive vs balanced)
Finished game 329 (aggressive vs balanced): 1/2-1/2 {Draw by 3-fold repetition}
Started game 334 of 600 (balanced vs aggressive)
Finished game 324 (balanced vs aggressive): 1-0 {White wins by adjudication}
Started game 335 of 600 (aggressive vs balanced)
Finished game 322 (balanced vs aggressive): 0-1 {Black wins by adjudication}
Started game 336 of 600 (balanced vs aggressive)
Finished game 327 (aggressive vs balanced): 1/2-1/2 {Draw by 3-fold repetition}
Started game 337 of 600 (aggressive vs balanced)
Finished game 328 (balanced vs aggressive): 1/2-1/2 {Draw by 3-fold repetition}
Started game 338 of 600 (balanced vs aggressive)
Finished game 331 (aggressive vs balanced): 1-0 {White wins by adjudication}
Started game 339 of 600 (aggressive vs balanced)
Finished game 330 (balanced vs aggressive): 1-0 {White wins by adjudication}
Started game 340 of 600 (balanced vs aggressive)
Finished game 333 (aggressive vs balanced): 1-0 {White wins by adjudication}
Started game 341 of 600 (aggressive vs balanced)
Finished game 335 (aggressive vs balanced): 0-1 {Black wins by adjudication}
Started game 342 of 600 (balanced vs aggressive)
Finished game 337 (aggressive vs balanced): 0-1 {Black wins by adjudication}
Started game 343 of 600 (aggressive vs balanced)
Finished game 334 (balanced vs aggressive): 1-0 {White wins by adjudication}
Started game 344 of 600 (balanced vs aggressive)
Finished game 338 (balanced vs aggressive): 1/2-1/2 {Draw by 3-fold repetition}
Started game 345 of 600 (aggressive vs balanced)
Finished game 332 (balanced vs aggressive): 0-1 {White loses on time (1ms overrun)}
Started game 346 of 600 (balanced vs aggressive)
Finished game 341 (aggressive vs balanced): 1/2-1/2 {Draw by 3-fold repetition}
Started game 347 of 600 (aggressive vs balanced)
Finished game 340 (balanced vs aggressive): 1-0 {White wins by adjudication}
Started game 348 of 600 (balanced vs aggressive)
Finished game 339 (aggressive vs balanced): 0-1 {Black wins by adjudication}
--------------------------------------------------
Results of aggressive vs balanced (5+0.05, 1t, 16MB, openings.epd):
Elo: -43.40 +/- 27.48, nElo: -59.23 +/- 37.04
LOS: 0.09 %, DrawRatio: 35.50 %, PairsRatio: 0.58
Games: 338, Wins: 75, Losses: 117, Draws: 146, Points: 148.0 (43.79 %)
Ptnml(0-2): [20, 49, 60, 33, 7], WL/DD Ratio: 0.88
LLR: -1.76 (-59.6%) (-2.94, 2.94) [0.00, 10.00]
--------------------------------------------------
Started game 349 of 600 (aggressive vs balanced)
Finished game 336 (balanced vs aggressive): 0-1 {White loses on time (1ms overrun)}
Started game 350 of 600 (balanced vs aggressive)
Finished game 342 (balanced vs aggressive): 1-0 {White wins by adjudication}
Started game 351 of 600 (aggressive vs balanced)
Finished game 343 (aggressive vs balanced): 1/2-1/2 {Draw by 3-fold repetition}
Started game 352 of 600 (balanced vs aggressive)
Finished game 344 (balanced vs aggressive): 1-0 {White wins by adjudication}
Started game 353 of 600 (aggressive vs balanced)
Finished game 345 (aggressive vs balanced): 0-1 {Black wins by adjudication}
Started game 354 of 600 (balanced vs aggressive)
Finished game 348 (balanced vs aggressive): 1-0 {White wins by adjudication}
Started game 355 of 600 (aggressive vs balanced)
Finished game 346 (balanced vs aggressive): 1/2-1/2 {Draw by adjudication}
Started game 356 of 600 (balanced vs aggressive)
Finished game 350 (balanced vs aggressive): 1-0 {White wins by adjudication}
Started game 357 of 600 (aggressive vs balanced)
Finished game 353 (aggressive vs balanced): 0-1 {Black wins by adjudication}
Started game 358 of 600 (balanced vs aggressive)
Finished game 352 (balanced vs aggressive): 0-1 {Black wins by adjudication}
Started game 359 of 600 (aggressive vs balanced)
Finished game 347 (aggressive vs balanced): 1/2-1/2 {Draw by fifty moves rule}
Started game 360 of 600 (balanced vs aggressive)
Finished game 349 (aggressive vs balanced): 1/2-1/2 {Draw by insufficient mating material}
Started game 361 of 600 (aggressive vs balanced)
Finished game 351 (aggressive vs balanced): 1/2-1/2 {Draw by fifty moves rule}
Started game 362 of 600 (balanced vs aggressive)
Finished game 354 (balanced vs aggressive): 0-1 {Black wins by adjudication}
Started game 363 of 600 (aggressive vs balanced)
Finished game 359 (aggressive vs balanced): 1-0 {White wins by adjudication}
Started game 364 of 600 (balanced vs aggressive)
Finished game 358 (balanced vs aggressive): 1-0 {White wins by adjudication}
Started game 365 of 600 (aggressive vs balanced)
Finished game 357 (aggressive vs balanced): 1/2-1/2 {Draw by 3-fold repetition}
Started game 366 of 600 (balanced vs aggressive)
Finished game 355 (aggressive vs balanced): 1/2-1/2 {Draw by insufficient mating material}
Started game 367 of 600 (aggressive vs balanced)
Finished game 362 (balanced vs aggressive): 1-0 {White wins by adjudication}
Started game 368 of 600 (balanced vs aggressive)
Finished game 356 (balanced vs aggressive): 1/2-1/2 {Draw by 3-fold repetition}
Started game 369 of 600 (aggressive vs balanced)
Finished game 360 (balanced vs aggressive): 1/2-1/2 {Draw by adjudication}
--------------------------------------------------
Results of aggressive vs balanced (5+0.05, 1t, 16MB, openings.epd):
Elo: -44.64 +/- 26.30, nElo: -61.72 +/- 35.89
LOS: 0.04 %, DrawRatio: 35.00 %, PairsRatio: 0.56
Games: 360, Wins: 79, Losses: 125, Draws: 156, Points: 157.0 (43.61 %)
Ptnml(0-2): [20, 55, 63, 35, 7], WL/DD Ratio: 0.91
LLR: -1.93 (-65.7%) (-2.94, 2.94) [0.00, 10.00]
--------------------------------------------------
Started game 370 of 600 (balanced vs aggressive)
Finished game 363 (aggressive vs balanced): 1/2-1/2 {Draw by adjudication}
Started game 371 of 600 (aggressive vs balanced)
Finished game 365 (aggressive vs balanced): 1-0 {White wins by adjudication}
Started game 372 of 600 (balanced vs aggressive)
Finished game 364 (balanced vs aggressive): 1/2-1/2 {Draw by adjudication}
Started game 373 of 600 (aggressive vs balanced)
Finished game 361 (aggressive vs balanced): 1/2-1/2 {Draw by stalemate}
Started game 374 of 600 (balanced vs aggressive)
Finished game 369 (aggressive vs balanced): 1-0 {White wins by adjudication}
Started game 375 of 600 (aggressive vs balanced)
Finished game 366 (balanced vs aggressive): 1/2-1/2 {Draw by 3-fold repetition}
Started game 376 of 600 (balanced vs aggressive)
Finished game 368 (balanced vs aggressive): 1-0 {White wins by adjudication}
Started game 377 of 600 (aggressive vs balanced)
Finished game 375 (aggressive vs balanced): 1/2-1/2 {Draw by 3-fold repetition}
Started game 378 of 600 (balanced vs aggressive)
Finished game 374 (balanced vs aggressive): 1/2-1/2 {Draw by 3-fold repetition}
Started game 379 of 600 (aggressive vs balanced)
Finished game 371 (aggressive vs balanced): 1/2-1/2 {Draw by 3-fold repetition}
Started game 380 of 600 (balanced vs aggressive)
Finished game 370 (balanced vs aggressive): 0-1 {Black wins by adjudication}
Started game 381 of 600 (aggressive vs balanced)
Finished game 373 (aggressive vs balanced): 1/2-1/2 {Draw by adjudication}
Started game 382 of 600 (balanced vs aggressive)
Finished game 367 (aggressive vs balanced): 1-0 {Black loses on time (1ms overrun)}
Started game 383 of 600 (aggressive vs balanced)
Finished game 372 (balanced vs aggressive): 0-1 {Black wins by adjudication}
Started game 384 of 600 (balanced vs aggressive)
Finished game 377 (aggressive vs balanced): 0-1 {Black wins by adjudication}
Started game 385 of 600 (aggressive vs balanced)
Finished game 376 (balanced vs aggressive): 1-0 {White wins by adjudication}
Started game 386 of 600 (balanced vs aggressive)
Finished game 378 (balanced vs aggressive): 1/2-1/2 {Draw by 3-fold repetition}
Started game 387 of 600 (aggressive vs balanced)
Finished game 381 (aggressive vs balanced): 0-1 {Black wins by adjudication}
Started game 388 of 600 (balanced vs aggressive)
Finished game 379 (aggressive vs balanced): 1-0 {White wins by adjudication}
Started game 389 of 600 (aggressive vs balanced)
Finished game 383 (aggressive vs balanced): 0-1 {Black wins by adjudication}
Started game 390 of 600 (balanced vs aggressive)
Finished game 387 (aggressive vs balanced): 1-0 {White wins by adjudication}
Started game 391 of 600 (aggressive vs balanced)
Finished game 380 (balanced vs aggressive): 1/2-1/2 {Draw by fifty moves rule}
--------------------------------------------------
Results of aggressive vs balanced (5+0.05, 1t, 16MB, openings.epd):
Elo: -40.41 +/- 25.59, nElo: -55.76 +/- 34.93
LOS: 0.09 %, DrawRatio: 34.74 %, PairsRatio: 0.59
Games: 380, Wins: 85, Losses: 129, Draws: 166, Points: 168.0 (44.21 %)
Ptnml(0-2): [20, 58, 66, 38, 8], WL/DD Ratio: 0.89
LLR: -1.87 (-63.4%) (-2.94, 2.94) [0.00, 10.00]
--------------------------------------------------
Started game 392 of 600 (balanced vs aggressive)
Finished game 382 (balanced vs aggressive): 1/2-1/2 {Draw by adjudication}
Started game 393 of 600 (aggressive vs balanced)
Finished game 384 (balanced vs aggressive): 1/2-1/2 {Draw by 3-fold repetition}
Started game 394 of 600 (balanced vs aggressive)
Finished game 385 (aggressive vs balanced): 0-1 {Black wins by adjudication}
Started game 395 of 600 (aggressive vs balanced)
Finished game 388 (balanced vs aggressive): 1-0 {White wins by adjudication}
Started game 396 of 600 (balanced vs aggressive)
Finished game 389 (aggressive vs balanced): 0-1 {Black wins by adjudication}
Started game 397 of 600 (aggressive vs balanced)
Finished game 392 (balanced vs aggressive): 1-0 {White wins by adjudication}
Started game 398 of 600 (balanced vs aggressive)
Finished game 386 (balanced vs aggressive): 1-0 {Black loses on time (1ms overrun)}
Started game 399 of 600 (aggressive vs balanced)
Finished game 391 (aggressive vs balanced): 1/2-1/2 {Draw by 3-fold repetition}
Started game 400 of 600 (balanced vs aggressive)
Finished game 390 (balanced vs aggressive): 1-0 {White wins by adjudication}
Started game 401 of 600 (aggressive vs balanced)
Finished game 396 (balanced vs aggressive): 1/2-1/2 {Draw by 3-fold repetition}
Started game 402 of 600 (balanced vs aggressive)
Finished game 395 (aggressive vs balanced): 0-1 {Black wins by adjudication}
Started game 403 of 600 (aggressive vs balanced)
Finished game 397 (aggressive vs balanced): 1/2-1/2 {Draw by 3-fold repetition}
Started game 404 of 600 (balanced vs aggressive)
Finished game 400 (balanced vs aggressive): 1-0 {White wins by adjudication}
Started game 405 of 600 (aggressive vs balanced)
Finished game 393 (aggressive vs balanced): 1/2-1/2 {Draw by insufficient mating material}
Started game 406 of 600 (balanced vs aggressive)
Finished game 402 (balanced vs aggressive): 1-0 {White wins by adjudication}
Started game 407 of 600 (aggressive vs balanced)
Finished game 394 (balanced vs aggressive): 1-0 {Black loses on time (1ms overrun)}
Started game 408 of 600 (balanced vs aggressive)
Finished game 401 (aggressive vs balanced): 1/2-1/2 {Draw by 3-fold repetition}
Started game 409 of 600 (aggressive vs balanced)
Finished game 398 (balanced vs aggressive): 1/2-1/2 {Draw by fifty moves rule}
Started game 410 of 600 (balanced vs aggressive)
Finished game 405 (aggressive vs balanced): 0-1 {Black wins by adjudication}
Started game 411 of 600 (aggressive vs balanced)
Finished game 399 (aggressive vs balanced): 0-1 {White loses on time (1ms overrun)}
--------------------------------------------------
Results of aggressive vs balanced (5+0.05, 1t, 16MB, openings.epd):
Elo: -48.72 +/- 25.10, nElo: -66.90 +/- 33.96
LOS: 0.01 %, DrawRatio: 33.83 %, PairsRatio: 0.53
Games: 402, Wins: 86, Losses: 142, Draws: 174, Points: 173.0 (43.03 %)
Ptnml(0-2): [23, 64, 68, 38, 8], WL/DD Ratio: 0.89
LLR: -2.31 (-78.4%) (-2.94, 2.94) [0.00, 10.00]
--------------------------------------------------
Started game 412 of 600 (balanced vs aggressive)
Finished game 406 (balanced vs aggressive): 1/2-1/2 {Draw by 3-fold repetition}
Started game 413 of 600 (aggressive vs balanced)
Finished game 403 (aggressive vs balanced): 1/2-1/2 {Draw by insufficient mating material}
Started game 414 of 600 (balanced vs aggressive)
Finished game 408 (balanced vs aggressive): 1-0 {White wins by adjudication}
Started game 415 of 600 (aggressive vs balanced)
Finished game 409 (aggressive vs balanced): 1-0 {White wins by adjudication}
Started game 416 of 600 (balanced vs aggressive)
Finished game 404 (balanced vs aggressive): 1/2-1/2 {Draw by adjudication}
Started game 417 of 600 (aggressive vs balanced)
Finished game 407 (aggressive vs balanced): 1/2-1/2 {Draw by insufficient mating material}
Started game 418 of 600 (balanced vs aggressive)
Finished game 410 (balanced vs aggressive): 0-1 {Black wins by adjudication}
Started game 419 of 600 (aggressive vs balanced)
Finished game 411 (aggressive vs balanced): 1-0 {White wins by adjudication}
Started game 420 of 600 (balanced vs aggressive)
Finished game 412 (balanced vs aggressive): 1-0 {White wins by adjudication}
Started game 421 of 600 (aggressive vs balanced)
Finished game 413 (aggressive vs balanced): 0-1 {Black wins by adjudication}
Started game 422 of 600 (balanced vs aggressive)
Finished game 416 (balanced vs aggressive): 1/2-1/2 {Draw by 3-fold repetition}
Started game 423 of 600 (aggressive vs balanced)
Finished game 415 (aggressive vs balanced): 1/2-1/2 {Draw by adjudication}
Started game 424 of 600 (balanced vs aggressive)
Finished game 414 (balanced vs aggressive): 1-0 {White wins by adjudication}
Started game 425 of 600 (aggressive vs balanced)
Finished game 420 (balanced vs aggressive): 0-1 {Black wins by adjudication}
Started game 426 of 600 (balanced vs aggressive)
Finished game 424 (balanced vs aggressive): 0-1 {Black wins by adjudication}
Started game 427 of 600 (aggressive vs balanced)
Finished game 418 (balanced vs aggressive): 1-0 {White wins by adjudication}
Started game 428 of 600 (balanced vs aggressive)
Finished game 421 (aggressive vs balanced): 1/2-1/2 {Draw by 3-fold repetition}
Started game 429 of 600 (aggressive vs balanced)
Finished game 419 (aggressive vs balanced): 1/2-1/2 {Draw by adjudication}
--------------------------------------------------
Results of aggressive vs balanced (5+0.05, 1t, 16MB, openings.epd):
Elo: -47.67 +/- 24.75, nElo: -65.09 +/- 33.31
LOS: 0.01 %, DrawRatio: 33.97 %, PairsRatio: 0.53
Games: 418, Wins: 90, Losses: 147, Draws: 181, Points: 180.5 (43.18 %)
Ptnml(0-2): [24, 66, 71, 39, 9], WL/DD Ratio: 0.87
LLR: -2.34 (-79.5%) (-2.94, 2.94) [0.00, 10.00]
--------------------------------------------------
Started game 430 of 600 (balanced vs aggressive)
Finished game 422 (balanced vs aggressive): 1-0 {White wins by adjudication}
Started game 431 of 600 (aggressive vs balanced)
Finished game 425 (aggressive vs balanced): 0-1 {Black wins by adjudication}
Started game 432 of 600 (balanced vs aggressive)
Finished game 423 (aggressive vs balanced): 1/2-1/2 {Draw by adjudication}
Started game 433 of 600 (aggressive vs balanced)
Finished game 417 (aggressive vs balanced): 0-1 {Black wins by adjudication}
Started game 434 of 600 (balanced vs aggressive)
Finished game 429 (aggressive vs balanced): 1/2-1/2 {Draw by 3-fold repetition}
Started game 435 of 600 (aggressive vs balanced)
Finished game 427 (aggressive vs balanced): 1-0 {White wins by adjudication}
Started game 436 of 600 (balanced vs aggressive)
Finished game 432 (balanced vs aggressive): 1-0 {White wins by adjudication}
Started game 437 of 600 (aggressive vs balanced)
Finished game 433 (aggressive vs balanced): 1-0 {White wins by adjudication}
Started game 438 of 600 (balanced vs aggressive)
Finished game 431 (aggressive vs balanced): 0-1 {Black wins by adjudication}
Started game 439 of 600 (aggressive vs balanced)
Finished game 428 (balanced vs aggressive): 0-1 {Black wins by adjudication}
Started game 440 of 600 (balanced vs aggressive)
Finished game 426 (balanced vs aggressive): 1/2-1/2 {Draw by 3-fold repetition}
Started game 441 of 600 (aggressive vs balanced)
Finished game 430 (balanced vs aggressive): 0-1 {White loses on time (1ms overrun)}
Started game 442 of 600 (balanced vs aggressive)
Finished game 436 (balanced vs aggressive): 1/2-1/2 {Draw by 3-fold repetition}
Started game 443 of 600 (aggressive vs balanced)
Finished game 437 (aggressive vs balanced): 1/2-1/2 {Draw by 3-fold repetition}
Started game 444 of 600 (balanced vs aggressive)
Finished game 439 (aggressive vs balanced): 1/2-1/2 {Draw by 3-fold repetition}
Started game 445 of 600 (aggressive vs balanced)
Finished game 441 (aggressive vs balanced): 0-1 {Black wins by adjudication}
Started game 446 of 600 (balanced vs aggressive)
Finished game 440 (balanced vs aggressive): 1-0 {White wins by adjudication}
--------------------------------------------------
Results of aggressive vs balanced (5+0.05, 1t, 16MB, openings.epd):
Elo: -48.34 +/- 24.69, nElo: -64.94 +/- 32.69
LOS: 0.00 %, DrawRatio: 32.72 %, PairsRatio: 0.54
Games: 434, Wins: 94, Losses: 154, Draws: 186, Points: 187.0 (43.09 %)
Ptnml(0-2): [26, 69, 71, 41, 10], WL/DD Ratio: 0.87
LLR: -2.43 (-82.4%) (-2.94, 2.94) [0.00, 10.00]
--------------------------------------------------
Started game 447 of 600 (aggressive vs balanced)
Finished game 435 (aggressive vs balanced): 1/2-1/2 {Draw by fifty moves rule}
Started game 448 of 600 (balanced vs aggressive)
Finished game 434 (balanced vs aggressive): 1-0 {Black loses on time (1ms overrun)}
Started game 449 of 600 (aggressive vs balanced)
Finished game 443 (aggressive vs balanced): 0-1 {Black wins by adjudication}
Started game 450 of 600 (balanced vs aggressive)
Finished game 438 (balanced vs aggressive): 1/2-1/2 {Draw by insufficient mating material}
Started game 451 of 600 (aggressive vs balanced)
Finished game 442 (balanced vs aggressive): 0-1 {Black wins by adjudication}
Started game 452 of 600 (balanced vs aggressive)
Finished game 445 (aggressive vs balanced): 1/2-1/2 {Draw by 3-fold repetition}
Started game 453 of 600 (aggressive vs balanced)
Finished game 450 (balanced vs aggressive): 1/2-1/2 {Draw by 3-fold repetition}
Started game 454 of 600 (balanced vs aggressive)
Finished game 447 (aggressive vs balanced): 1-0 {White wins by adjudication}
Started game 455 of 600 (aggressive vs balanced)
Finished game 446 (balanced vs aggressive): 1-0 {White wins by adjudication}
Started game 456 of 600 (balanced vs aggressive)
Finished game 448 (balanced vs aggressive): 1-0 {White wins by adjudication}
Started game 457 of 600 (aggressive vs balanced)
Finished game 449 (aggressive vs balanced): 0-1 {Black wins by adjudication}
Started game 458 of 600 (balanced vs aggressive)
Finished game 451 (aggressive vs balanced): 1-0 {White wins by adjudication}
Started game 459 of 600 (aggressive vs balanced)
Finished game 444 (balanced vs aggressive): 0-1 {White loses on time (1ms overrun)}
Started game 460 of 600 (balanced vs aggressive)
Finished game 460 (balanced vs aggressive): 1/2-1/2 {Draw by 3-fold repetition}
Started game 461 of 600 (aggressive vs balanced)
Finished game 452 (balanced vs aggressive): 1/2-1/2 {Draw by 3-fold repetition}
Started game 462 of 600 (balanced vs aggressive)
Finished game 458 (balanced vs aggressive): 1-0 {White wins by adjudication}
Started game 463 of 600 (aggressive vs balanced)
Finished game 453 (aggressive vs balanced): 0-1 {White loses on time (2ms overrun)}
Started game 464 of 600 (balanced vs aggressive)
Finished game 454 (balanced vs aggressive): 1-0 {White wins by adjudication}
Started game 465 of 600 (aggressive vs balanced)
Finished game 455 (aggressive vs balanced): 0-1 {Black wins by adjudication}
Started game 466 of 600 (balanced vs aggressive)
Finished game 461 (aggressive vs balanced): 1/2-1/2 {Draw by 3-fold repetition}
Started game 467 of 600 (aggressive vs balanced)
Finished game 456 (balanced vs aggressive): 0-1 {White loses on time (1ms overrun)}
Started game 468 of 600 (balanced vs aggressive)
Finished game 457 (aggressive vs balanced): 0-1 {White loses on time (1ms overrun)}
Started game 469 of 600 (aggressive vs balanced)
Finished game 462 (balanced vs aggressive): 1/2-1/2 {Draw by adjudication}
Started game 470 of 600 (balanced vs aggressive)
Finished game 459 (aggressive vs balanced): 0-1 {White loses on time (1ms overrun)}
--------------------------------------------------
Results of aggressive vs balanced (5+0.05, 1t, 16MB, openings.epd):
Elo: -49.98 +/- 23.69, nElo: -67.86 +/- 31.68
LOS: 0.00 %, DrawRatio: 34.20 %, PairsRatio: 0.52
Games: 462, Wins: 100, Losses: 166, Draws: 196, Points: 198.0 (42.86 %)
Ptnml(0-2): [28, 72, 79, 42, 10], WL/DD Ratio: 0.93
LLR: -2.68 (-91.1%) (-2.94, 2.94) [0.00, 10.00]
--------------------------------------------------
Started game 471 of 600 (aggressive vs balanced)
Finished game 464 (balanced vs aggressive): 1-0 {White wins by adjudication}
Started game 472 of 600 (balanced vs aggressive)
Finished game 463 (aggressive vs balanced): 1/2-1/2 {Draw by adjudication}
Started game 473 of 600 (aggressive vs balanced)
Finished game 465 (aggressive vs balanced): 1/2-1/2 {Draw by 3-fold repetition}
Started game 474 of 600 (balanced vs aggressive)
Finished game 471 (aggressive vs balanced): 1-0 {White wins by adjudication}
Started game 475 of 600 (aggressive vs balanced)
Finished game 469 (aggressive vs balanced): 0-1 {Black wins by adjudication}
Started game 476 of 600 (balanced vs aggressive)
Finished game 468 (balanced vs aggressive): 1-0 {White wins by adjudication}
Started game 477 of 600 (aggressive vs balanced)
Finished game 466 (balanced vs aggressive): 0-1 {White loses on time (1ms overrun)}
Started game 478 of 600 (balanced vs aggressive)
Finished game 467 (aggressive vs balanced): 1-0 {Black loses on time (1ms overrun)}
Started game 479 of 600 (aggressive vs balanced)
Finished game 475 (aggressive vs balanced): 1/2-1/2 {Draw by 3-fold repetition}
Started game 480 of 600 (balanced vs aggressive)
Finished game 473 (aggressive vs balanced): 1-0 {White wins by adjudication}
Started game 481 of 600 (aggressive vs balanced)
Finished game 472 (balanced vs aggressive): 1/2-1/2 {Draw by fifty moves rule}
Started game 482 of 600 (balanced vs aggressive)
Finished game 474 (balanced vs aggressive): 0-1 {Black wins by adjudication}
Started game 483 of 600 (aggressive vs balanced)
Finished game 470 (balanced vs aggressive): 0-1 {White loses on time (1ms overrun)}
Started game 484 of 600 (balanced vs aggressive)
Finished game 477 (aggressive vs balanced): 0-1 {Black wins by adjudication}
Started game 485 of 600 (aggressive vs balanced)
Finished game 480 (balanced vs aggressive): 1-0 {White wins by adjudication}
Started game 486 of 600 (balanced vs aggressive)
Finished game 479 (aggressive vs balanced): 1/2-1/2 {Draw by 3-fold repetition}
--------------------------------------------------
Results of aggressive vs balanced (5+0.05, 1t, 16MB, openings.epd):
Elo: -47.00 +/- 23.38, nElo: -63.60 +/- 31.21
LOS: 0.00 %, DrawRatio: 34.03 %, PairsRatio: 0.54
Games: 476, Wins: 106, Losses: 170, Draws: 200, Points: 206.0 (43.28 %)
Ptnml(0-2): [28, 74, 81, 44, 11], WL/DD Ratio: 0.98
LLR: -2.61 (-88.7%) (-2.94, 2.94) [0.00, 10.00]
--------------------------------------------------
Started game 487 of 600 (aggressive vs balanced)
Finished game 482 (balanced vs aggressive): 1/2-1/2 {Draw by 3-fold repetition}
Started game 488 of 600 (balanced vs aggressive)
Finished game 476 (balanced vs aggressive): 1-0 {White wins by adjudication}
Started game 489 of 600 (aggressive vs balanced)
Finished game 478 (balanced vs aggressive): 1-0 {White wins by adjudication}
Started game 490 of 600 (balanced vs aggressive)
Finished game 483 (aggressive vs balanced): 0-1 {Black wins by adjudication}
Started game 491 of 600 (aggressive vs balanced)
Finished game 487 (aggressive vs balanced): 0-1 {Black wins by adjudication}
Started game 492 of 600 (balanced vs aggressive)
Finished game 486 (balanced vs aggressive): 1/2-1/2 {Draw by 3-fold repetition}
Started game 493 of 600 (aggressive vs balanced)
Finished game 481 (aggressive vs balanced): 0-1 {White loses on time (1ms overrun)}
Started game 494 of 600 (balanced vs aggressive)
Finished game 488 (balanced vs aggressive): 1/2-1/2 {Draw by 3-fold repetition}
Started game 495 of 600 (aggressive vs balanced)
Finished game 484 (balanced vs aggressive): 1-0 {Black loses on time (1ms overrun)}
Started game 496 of 600 (balanced vs aggressive)
Finished game 491 (aggressive vs balanced): 1-0 {White wins by adjudication}
Started game 497 of 600 (aggressive vs balanced)
Finished game 489 (aggressive vs balanced): 0-1 {Black wins by adjudication}
Started game 498 of 600 (balanced vs aggressive)
Finished game 492 (balanced vs aggressive): 1/2-1/2 {Draw by 3-fold repetition}
Started game 499 of 600 (aggressive vs balanced)
Finished game 485 (aggressive vs balanced): 0-1 {White loses on time (1ms overrun)}
Started game 500 of 600 (balanced vs aggressive)
Finished game 493 (aggressive vs balanced): 0-1 {Black wins by adjudication}
Started game 501 of 600 (aggressive vs balanced)
Finished game 490 (balanced vs aggressive): 1-0 {Black loses on time (5ms overrun)}
Started game 502 of 600 (balanced vs aggressive)
Finished game 495 (aggressive vs balanced): 1/2-1/2 {Draw by 3-fold repetition}
Started game 503 of 600 (aggressive vs balanced)
Finished game 498 (balanced vs aggressive): 1/2-1/2 {Draw by adjudication}
Started game 504 of 600 (balanced vs aggressive)
Finished game 494 (balanced vs aggressive): 1/2-1/2 {Draw by 3-fold repetition}
--------------------------------------------------
Results of aggressive vs balanced (5+0.05, 1t, 16MB, openings.epd):
Elo: -52.44 +/- 23.20, nElo: -70.42 +/- 30.64
LOS: 0.00 %, DrawRatio: 32.79 %, PairsRatio: 0.51
Games: 494, Wins: 107, Losses: 181, Draws: 206, Points: 210.0 (42.51 %)
Ptnml(0-2): [31, 79, 81, 45, 11], WL/DD Ratio: 0.98
LLR: -2.96 (-100.5%) (-2.94, 2.94) [0.00, 10.00]
--------------------------------------------------
SPRT ([0.00, 10.00]) completed - H0 was accepted

Player: aggressive
  Timeouts: 19
  Crashed: 0
Player: balanced
  Timeouts: 20
  Crashed: 0

Finished match
Total Time: 00:15:34 (hours:minutes:seconds)

